// Jest Snapshot v1, https://goo.gl/fbAQLP

exports[`matches the snapshat 1`] = `
<DocumentFragment>
  <div
    class="Box"
    data-testid="undefined-undefined-undefined"
  />
</DocumentFragment>
`;
