// Jest Snapshot v1, https://goo.gl/fbAQLP

exports[`matches the snapshat 1`] = `
<DocumentFragment>
  <div
    class="BoxList"
  >
    <h1>
      Color Box Maker
    </h1>
    <div
      class="BoxList-form-div"
    >
      <h2>
        Create a box:
      </h2>
      <form
        data-testid="form"
      >
        <label
          for="width"
        >
          Enter width:
        </label>
        <input
          id="width"
          name="width"
          placeholder="width"
          type="number"
          value=""
        />
        <label
          for="height"
        >
          Enter height:
        </label>
        <input
          id="height"
          name="height"
          placeholder="height"
          type="number"
          value=""
        />
        <label
          for="color"
        >
          Enter color:
        </label>
        <input
          id="color"
          name="color"
          placeholder="color"
          type="text"
          value=""
        />
        <br />
        <button>
          Add a box
        </button>
      </form>
    </div>
    <div
      class="BoxList-boxes-div"
    />
  </div>
</DocumentFragment>
`;
